Turma 1
541 16246 2901 8031 10281 

Turma 2
11383 2667 13785 16392 7897 18306 6246 2937 11453 12174 9070 382 17403 6392 

Turma 3
6815 14425 15330 4347 1627 4301 7538 17382 3113 2027 

Turma 4
19110 17066 13031 14047 

Turma 5
3674 10802 3009 10636 16430 19627 6520 8395 19489 

Turma 6
15703 4773 11105 

Turma 7
4615 6633 3754 17126 14264 

Turma 8
1343 

Turma 9
3077 12879 

Turma 10
19231 15996 2025 11031 14628 18177 
