Turma 1
14442 5217 251 2183 12748 1230 

Turma 2
14818 19780 19962 

Turma 3
13946 

Turma 4
3307 351 11192 6683 15265 13045 15813 14479 16486 18108 19071 14073 14876 9094 87 

Turma 5
17193 14730 9550 10598 1054 16656 19953 8448 8674 3804 

Turma 6
16626 18705 5862 2382 

Turma 7
16323 10017 7298 3241 19993 19135 13453 

Turma 8
946 

Turma 9
4294 

Turma 10
3725 17238 2911 17839 

Turma 11
999 4220 8077 13291 3931 207 7831 13953 16047 

Turma 12
7051 17067 11123 6246 

Turma 13
11770 5376 11599 8274 15629 13300 14547 

Turma 14
5075 9914 4365 8582 9687 

Turma 15
17413 618 6693 2227 318 5470 8083 6338 18521 4306 17135 

Turma 16
11644 3999 6186 19854 

Turma 17
8387 2637 10789 11898 7497 1253 

Turma 18
13357 2501 2306 9012 

Turma 19
1794 

Turma 20
9142 7921 7110 7424 1020 

Turma 21
9234 703 6551 8239 17982 16209 

Turma 22
16859 19161 17511 

Turma 23
18716 11112 

Turma 24
10652 

Turma 25
16208 

Turma 26
13776 18370 10755 

Turma 27
3491 13803 5125 

Turma 28
12640 2187 11267 18275 19412 9547 19615 8577 16887 

Turma 29
14097 1864 14517 7532 16107 

Turma 30
6014 13358 12502 14076 16696 16463 6449 7309 10243 

Turma 31
16657 

Turma 32
4514 4553 14198 17564 3054 13926 

Turma 33
3188 6654 

Turma 34
13469 

Turma 35
13435 10463 419 17670 3265 3951 16937 6136 9948 

Turma 36
4492 5921 11560 11851 10968 7824 3255 

Turma 37
11056 8477 10140 13416 781 3910 

Turma 38
10277 8340 

Turma 39
9662 11520 16970 3843 887 17647 8713 8617 5665 7520 9556 

Turma 40
10547 11121 11538 5961 8454 15760 11798 

Turma 41
16087 14442 19279 2469 13852 3470 

Turma 42
12225 7411 1545 5021 18777 14448 699 1234 

Turma 43
17180 9958 15967 692 4246 19133 

Turma 44
11913 7168 1800 11047 11523 9978 11033 13318 

Turma 45
10254 19711 17979 8045 9871 16036 

Turma 46
15975 732 

Turma 47
12469 18268 

Turma 48
7215 2248 7406 3625 14242 17009 15785 3490 

Turma 49
13093 6147 11680 19733 9909 4230 3656 

Turma 50
8961 

Turma 51
17811 4676 6154 4109 9510 7682 7344 9489 1162 

Turma 52
187 2308 

Turma 53
8214 9640 6531 6315 19796 

Turma 54
8343 19844 587 8951 

Turma 55
10631 6305 

Turma 56
8053 15969 2678 

Turma 57
1020 16794 4083 2496 1158 

Turma 58
6480 11177 13375 15253 4116 9660 

Turma 59
11529 15559 6137 11550 17801 8738 17688 8146 9557 3591 

Turma 60
10305 4645 10256 17121 13402 12669 7620 5726 7821 

Turma 61
7704 

Turma 62
8128 

Turma 63
14097 16218 18115 15008 2595 16491 17849 17231 

Turma 64
1021 11058 

Turma 65
7583 

Turma 66
18459 9939 12740 18581 19138 14952 

Turma 67
9248 18032 

Turma 68
91 8586 4695 15730 8578 13705 

Turma 69
2702 19556 

Turma 70
9440 

Turma 71
4541 4614 

Turma 72
16746 12273 

Turma 73
10565 4290 18183 9243 5962 906 

Turma 74
780 5585 9861 

Turma 75
11168 16754 

Turma 76
17137 17460 15956 11319 2063 11615 

Turma 77
14872 

Turma 78
12283 

Turma 79
11482 1069 9496 

Turma 80
3127 6128 8588 4752 4542 16119 10952 14130 9641 15015 

Turma 81
11366 9037 5595 

Turma 82
831 15317 12718 4660 7102 10207 298 11128 11871 5210 10638 

Turma 83
639 

Turma 84
7765 19530 8542 

Turma 85
13183 9676 19083 

Turma 86
9359 1516 

Turma 87
11691 6127 17938 16500 14513 11693 413 7576 13004 18313 

Turma 88
17515 8306 

Turma 89
8266 9030 1930 9706 

Turma 90
10492 

Turma 91
12738 7813 9843 7197 7803 652 17194 19142 18341 10357 4507 5557 

Turma 92
7169 4825 5650 2878 

Turma 93
16204 15847 13047 15864 5777 11134 11957 

Turma 94
16812 10974 1961 14500 9453 5673 6738 9003 18209 7694 1480 

Turma 95
17419 539 9707 18814 16535 2309 271 

Turma 96
2405 18951 17598 

Turma 97
11854 

Turma 98
15149 6609 4440 15859 19264 9742 5193 15738 

Turma 99
2482 

Turma 100
8246 10213 17909 17704 5386 2998 
