Turma 1
12887 19276 6599 11813 5193 3250 

Turma 2
11608 3572 14651 

Turma 3
10381 6299 1837 1295 5814 12268 14725 

Turma 4
16873 10420 3594 1114 13654 13504 

Turma 5
1698 1821 12072 2294 12965 13374 15265 12478 723 9746 

Turma 6
15598 16038 12483 

Turma 7
17170 11552 9505 13619 

Turma 8
16026 3503 3125 10683 14938 

Turma 9
7968 6407 9206 11209 2333 10947 11057 16716 4184 8632 

Turma 10
8640 

Turma 11
13363 4619 3629 16935 8039 

Turma 12
2175 1208 

Turma 13
16906 6019 17347 11726 17035 1807 

Turma 14
19975 11226 14406 840 74 17263 6218 

Turma 15
16013 5852 8942 

Turma 16
7935 13382 7814 2714 17908 8913 1095 1542 7982 

Turma 17
15687 11391 4134 17562 4277 

Turma 18
5992 3085 

Turma 19
2314 11952 18292 5108 16536 6950 5385 6713 

Turma 20
14248 

Turma 21
16496 14028 

Turma 22
1419 9780 10617 10698 7598 14006 10858 5361 5323 2384 8603 4372 

Turma 23
13044 10355 

Turma 24
992 18574 11830 15663 1384 8915 15673 

Turma 25
12226 2653 19939 4139 

Turma 26
16486 14996 

Turma 27
7422 7894 14181 17912 2248 

Turma 28
13555 

Turma 29
12969 4937 6240 13147 

Turma 30
1470 11910 10325 12459 9784 16332 16456 

Turma 31
15938 1972 5735 8986 11809 1663 10557 6023 

Turma 32
1865 1219 1056 12321 

Turma 33
15220 

Turma 34
19755 7788 

Turma 35
7739 16356 5894 19810 12982 8288 4422 

Turma 36
17737 17769 11427 7848 706 14155 14153 11446 15517 

Turma 37
10136 

Turma 38
4667 17135 10899 

Turma 39
13664 

Turma 40
1218 

Turma 41
6844 8008 3801 14439 4738 3582 

Turma 42
7117 620 18306 3096 12795 6675 

Turma 43
5139 2733 3703 16791 19428 14608 7854 10704 19028 

Turma 44
7094 16410 847 

Turma 45
3225 15901 19986 11124 2122 2362 

Turma 46
17813 297 

Turma 47
9790 18775 15709 19206 

Turma 48
15813 3638 12431 19152 15825 5948 10768 1317 11497 13174 19215 

Turma 49
12482 828 5059 

Turma 50
19459 19209 8461 

Turma 51
3669 18851 3964 17510 11873 17357 1143 17275 1998 

Turma 52
10994 7307 4335 10888 6051 6016 17242 14296 16362 13252 

Turma 53
16587 

Turma 54
4620 6953 1724 1162 9714 18019 

Turma 55
14079 6341 15962 

Turma 56
19926 5724 9715 

Turma 57
17879 7129 14418 

Turma 58
15730 14253 5244 17542 

Turma 59
19608 8233 19920 19887 15324 7209 14222 

Turma 60
8598 17739 

Turma 61
19297 13067 3134 15554 10837 156 4062 16600 12136 

Turma 62
934 11911 5653 17253 3804 6346 

Turma 63
11002 10447 13356 14087 11007 

Turma 64
1332 4959 4073 4023 

Turma 65
18287 4327 4657 10448 11114 14356 12834 19994 12830 

Turma 66
4635 

Turma 67
12438 17220 8626 9180 5051 5558 6719 11820 17547 13261 

Turma 68
16292 10890 3443 9972 2612 287 758 14964 7160 16123 

Turma 69
10443 18028 14895 6365 15860 

Turma 70
10199 1335 551 8018 13407 7076 18304 19269 4855 6340 10680 

Turma 71
15194 

Turma 72
1492 17039 2632 7325 15432 18271 7457 12642 10609 17246 

Turma 73
215 2309 16006 5120 13301 10775 

Turma 74
3868 16066 15232 1467 19503 18800 7025 

Turma 75
18985 11664 7484 8179 12726 17246 16476 9282 4832 

Turma 76
15089 

Turma 77
6316 6343 18487 17660 16192 11896 

Turma 78
17610 9020 5275 19529 

Turma 79
19983 

Turma 80
12531 16402 10942 13516 16244 7691 

Turma 81
12046 9070 9749 16097 

Turma 82
13904 687 16644 17080 13715 

Turma 83
13968 

Turma 84
12942 13282 18203 4410 

Turma 85
12400 607 

Turma 86
1714 16505 2670 11986 11275 4188 16756 19813 

Turma 87
15536 5845 11854 1056 3230 

Turma 88
3989 1692 7170 3528 18229 5430 13317 3527 1891 2586 

Turma 89
11649 13888 10684 17237 15743 2259 26 10501 15162 3418 5272 

Turma 90
4992 

Turma 91
8294 650 804 3214 17624 

Turma 92
13170 13842 10499 

Turma 93
4847 12061 

Turma 94
17219 16263 13763 

Turma 95
6065 7657 9620 

Turma 96
4710 1899 13372 11418 15088 2654 7265 7631 1044 

Turma 97
14832 

Turma 98
1959 16325 

Turma 99
10777 7680 17175 14442 8399 11167 11560 2358 16150 14973 19590 16195 16515 14942 

Turma 100
14219 3767 10612 19756 3533 10002 14306 13375 3991 1177 

Turma 101
4761 17265 16067 16863 10711 220 171 1038 

Turma 102
11317 19261 11012 12499 32 16570 12205 16779 9177 2687 

Turma 103
4152 3546 2408 10499 1018 16206 10594 12198 17622 2935 442 

Turma 104
3808 9076 7180 10887 

Turma 105
9961 5478 14873 2747 16763 18580 18825 11055 

Turma 106
5680 

Turma 107
18845 13762 

Turma 108
15784 6863 17904 

Turma 109
4978 19163 9872 12536 13243 1352 19169 9895 

Turma 110
17416 

Turma 111
11048 5554 5670 17329 6165 18491 

Turma 112
14049 9525 5875 12587 10338 3612 14013 

Turma 113
19572 13759 10781 

Turma 114
6196 

Turma 115
10214 6893 16505 11550 4471 6527 12130 9161 

Turma 116
13069 

Turma 117
8982 15697 9235 13004 182 

Turma 118
7860 4773 15435 875 8253 6013 5922 11321 

Turma 119
11808 8661 16423 9108 

Turma 120
6136 5314 7699 

Turma 121
8517 8694 10906 2220 8860 

Turma 122
13104 9158 346 4513 8586 10416 6690 3511 3843 13008 7492 8057 17332 5684 5024 5661 

Turma 123
4088 480 8968 

Turma 124
13588 16079 

Turma 125
1554 19894 15398 

Turma 126
10237 

Turma 127
10659 13047 17615 18120 7208 3264 

Turma 128
14046 18357 18983 6122 

Turma 129
19469 2315 17523 19828 2134 15305 18471 1154 2151 4048 7295 

Turma 130
9897 

Turma 131
1647 12546 7087 18033 5540 16609 605 19537 13680 6098 3357 1212 

Turma 132
8987 10057 2351 14793 16984 14530 18298 3933 

Turma 133
16797 11583 8131 14287 2191 13968 18198 

Turma 134
3751 13286 

Turma 135
8303 4564 11075 19904 15183 15713 3240 5077 6273 18677 5497 

Turma 136
5204 15050 17311 19750 4159 

Turma 137
19657 2433 13259 16255 8942 6422 7124 19811 18881 17295 8326 

Turma 138
655 1481 15178 10394 15458 1525 4007 10755 

Turma 139
18791 

Turma 140
21 2148 8656 3007 

Turma 141
9301 4454 19375 7578 11178 6413 11536 5259 

Turma 142
10114 9209 

Turma 143
16111 3545 18279 1684 2817 5858 

Turma 144
5251 3647 11965 15046 

Turma 145
18305 13342 16643 14611 18188 16264 

Turma 146
14174 12638 18219 4055 10760 11327 

Turma 147
3604 

Turma 148
3572 14006 18158 13463 2138 19252 

Turma 149
12231 4676 10746 758 14580 671 

Turma 150
13469 9691 16969 

Turma 151
173 8958 8790 4633 

Turma 152
7960 10316 8300 

Turma 153
14018 14223 14298 3261 10768 18506 17366 19071 17604 

Turma 154
5707 12316 14312 483 

Turma 155
18264 2914 19072 7491 

Turma 156
2523 

Turma 157
7127 16087 14678 11481 9287 1059 11586 

Turma 158
7437 5304 10691 13940 108 11834 19245 

Turma 159
13779 18186 

Turma 160
13524 15520 2459 4110 16419 5594 1706 

Turma 161
1509 9126 1093 

Turma 162
6169 

Turma 163
16727 2135 

Turma 164
15025 3590 15923 807 9893 9022 3052 5795 

Turma 165
2822 

Turma 166
80 15386 3864 8586 3721 8833 380 

Turma 167
5277 15116 3300 7871 4608 13313 8438 8002 967 

Turma 168
12270 3327 4726 17666 19365 3634 5180 2063 4219 

Turma 169
18075 9051 8432 19287 

Turma 170
6528 10942 

Turma 171
5946 6674 10334 5266 7783 3374 10809 

Turma 172
14836 

Turma 173
19849 6120 12510 2773 975 5327 13486 

Turma 174
7807 19392 3884 1627 18834 18261 9783 7395 19877 12959 2006 19728 

Turma 175
15175 1840 8481 15891 11422 10459 588 

Turma 176
16918 13473 13558 7918 14679 

Turma 177
1417 1577 12820 13057 8511 14590 17798 

Turma 178
16371 11173 16306 16101 19821 6416 3135 

Turma 179
17408 12355 4950 18400 8231 1812 761 

Turma 180
8970 

Turma 181
11211 5316 5882 13011 12861 17219 

Turma 182
19113 5861 5369 10356 5451 4346 19200 14223 1763 

Turma 183
10947 18994 

Turma 184
792 9031 10695 1466 12369 7560 16173 

Turma 185
6355 

Turma 186
18361 10869 12827 12986 5526 43 

Turma 187
3892 16926 6830 17141 607 1400 4501 16363 19973 14240 3305 11893 19090 19881 

Turma 188
18600 6334 

Turma 189
9605 

Turma 190
6558 15685 4470 7287 903 

Turma 191
18310 18111 3225 

Turma 192
10656 965 

Turma 193
11211 17398 13378 9343 

Turma 194
12672 15454 4318 9459 

Turma 195
18744 1618 17278 11311 3446 9264 6404 3373 

Turma 196
7131 

Turma 197
16679 

Turma 198
459 

Turma 199
8369 8191 17431 12608 13320 18079 14038 13339 4053 799 10350 

Turma 200
19375 19550 15721 11668 
