Turma 1
17318 9960 17757 11179 18086 11626 

Turma 2
13036 

Turma 3
10039 8071 8154 11166 

Turma 4
16549 18582 

Turma 5
5098 

Turma 6
6759 9577 

Turma 7
14648 

Turma 8
9815 10268 16237 7866 3570 8512 

Turma 9
6736 14568 14855 6057 7700 

Turma 10
982 11665 2930 

Turma 11
5171 15478 17911 13068 

Turma 12
9484 10084 19463 11868 17776 11855 16344 14920 

Turma 13
16019 5812 8556 3626 4509 14643 

Turma 14
15733 3170 9433 13547 1163 18086 7236 9393 2127 7068 18880 279 1314 

Turma 15
5599 5351 5689 2883 

Turma 16
13295 5995 1673 112 4994 9947 14869 1821 

Turma 17
9320 1532 2277 1535 15145 17577 11625 

Turma 18
4920 19430 18776 

Turma 19
101 13815 1061 10337 

Turma 20
13767 3521 

Turma 21
11510 

Turma 22
2849 1373 1338 3826 13222 82 16638 3355 11532 12237 3652 18066 

Turma 23
1409 16382 10453 4999 6336 3783 10782 2398 

Turma 24
1105 16834 1867 5931 1721 9038 19526 

Turma 25
15455 3943 6613 8248 

Turma 26
5415 12839 

Turma 27
16687 6087 12204 4059 11204 6303 2216 16799 989 19007 13419 

Turma 28
4264 

Turma 29
15574 9763 14721 1522 9964 17667 4327 8405 9682 

Turma 30
6229 15333 7277 2214 

Turma 31
13994 19946 19756 3247 10974 3090 19316 

Turma 32
14532 14876 13777 19988 12142 3839 

Turma 33
12170 2024 

Turma 34
19712 14160 6607 13716 11411 406 14302 11634 18251 6507 

Turma 35
8954 

Turma 36
8219 14442 1634 601 

Turma 37
589 

Turma 38
9938 2868 10613 10072 15001 15671 14040 14543 7438 1287 8633 13871 

Turma 39
17382 3171 13549 3323 6046 2975 6403 

Turma 40
8487 10891 5106 6719 

Turma 41
13029 12723 

Turma 42
14852 19209 10544 4779 11260 15201 

Turma 43
10755 3439 

Turma 44
13996 9946 10029 5327 19258 16552 2878 

Turma 45
19108 7756 8804 10305 

Turma 46
334 14609 17814 19512 19209 

Turma 47
17882 2041 11656 17561 18424 18388 1602 4273 19873 19667 

Turma 48
8231 4025 13505 7453 7334 

Turma 49
8785 4967 15843 353 15613 19770 12015 14640 

Turma 50
4414 8164 8540 9566 8851 

Turma 51
17848 

Turma 52
11645 4185 629 17762 15143 4575 7930 2874 2894 19538 

Turma 53
11660 1914 1209 5716 16386 

Turma 54
15321 15845 5880 12238 5088 

Turma 55
4995 8040 19795 9436 17875 19465 16013 10131 1703 

Turma 56
14730 16750 9777 16964 16842 7207 

Turma 57
1885 

Turma 58
12420 14925 

Turma 59
12951 18869 19170 11653 14222 4471 14759 11758 11100 11034 

Turma 60
6159 11053 4120 3052 18289 10524 8312 17834 10765 

Turma 61
14061 16453 6974 

Turma 62
6024 13223 

Turma 63
8004 4506 2561 2946 

Turma 64
16304 9016 11533 

Turma 65
19754 2233 4952 13392 9720 1704 

Turma 66
5365 300 

Turma 67
5083 8856 

Turma 68
1751 220 736 11031 8683 

Turma 69
8170 15705 12831 2521 13825 8128 15595 

Turma 70
18669 6832 15350 11353 4530 5275 3487 8451 10545 12402 

Turma 71
6192 

Turma 72
15901 7900 4389 12326 2174 1686 15289 13710 

Turma 73
1750 3858 18884 19158 18452 

Turma 74
5889 3609 13426 14895 10310 14726 12687 15002 15228 19400 8001 

Turma 75
14268 

Turma 76
7526 790 16678 5687 4082 

Turma 77
3244 5466 12282 

Turma 78
381 10619 987 

Turma 79
7423 16945 19051 11410 5945 7838 

Turma 80
12730 9580 13679 

Turma 81
6849 13619 6937 7307 

Turma 82
4085 11949 13517 8756 11641 9786 

Turma 83
10755 17141 

Turma 84
2451 16997 13964 

Turma 85
12731 18206 17328 

Turma 86
10496 

Turma 87
19154 8604 12694 

Turma 88
6375 7928 9454 17432 

Turma 89
6574 9902 3556 19484 17771 

Turma 90
17518 16563 9113 2687 5443 10315 552 16368 2540 

Turma 91
6245 13451 8669 

Turma 92
14024 1435 14394 11496 13944 19547 

Turma 93
16682 942 12385 

Turma 94
402 14306 11511 9736 2788 7016 5489 11093 

Turma 95
5367 17578 7909 8444 14028 4711 

Turma 96
18935 1288 6429 

Turma 97
16795 6159 18589 8997 8146 11777 762 7835 

Turma 98
19023 14849 17530 19541 16319 10762 4847 

Turma 99
14679 12106 11389 

Turma 100
13361 1884 1041 1156 350 3518 17067 

Turma 101
17482 18803 13866 13309 16739 10288 19082 862 8982 

Turma 102
7172 2080 14617 2590 15298 2655 1700 8119 2134 8217 14860 

Turma 103
18268 9508 6775 3786 1555 5340 13940 16910 

Turma 104
8171 

Turma 105
19651 1041 16419 8653 3823 8032 2137 

Turma 106
9144 10435 6045 1842 523 18788 9540 7424 15938 19036 13565 16061 

Turma 107
7430 679 13794 15167 2314 12214 

Turma 108
8574 4477 15057 5270 19285 7718 

Turma 109
12614 

Turma 110
17507 16336 1236 3305 1698 

Turma 111
7339 3193 3391 9622 

Turma 112
19682 18771 17652 10764 9682 

Turma 113
11957 10319 18943 7634 4324 12180 7933 

Turma 114
9935 

Turma 115
7150 

Turma 116
17364 4330 8110 

Turma 117
5483 2056 

Turma 118
10854 460 9011 10428 18386 2643 11062 8676 16332 

Turma 119
1902 9356 5954 12732 18809 

Turma 120
2162 2378 8364 13856 19353 17133 380 

Turma 121
5256 

Turma 122
4169 

Turma 123
14618 1655 5184 

Turma 124
15783 1952 4844 13959 16250 60 

Turma 125
11965 

Turma 126
1710 11945 9050 

Turma 127
18437 14861 19178 4681 11476 13838 

Turma 128
14447 13967 4570 11451 12528 13951 

Turma 129
7281 1416 16651 19085 18953 7527 

Turma 130
2696 9104 19863 18185 10398 

Turma 131
6785 

Turma 132
18146 16401 17022 13206 

Turma 133
13196 1608 3475 17521 7452 3567 

Turma 134
3265 9762 13271 12456 14455 16729 4142 19260 1529 3547 

Turma 135
13013 11413 4945 8133 14451 5481 

Turma 136
9794 2598 

Turma 137
8151 

Turma 138
166 12743 13425 15661 11546 4665 

Turma 139
5668 18015 12090 12351 1432 13884 16214 

Turma 140
1348 12549 17678 3214 

Turma 141
10505 5509 13665 3076 

Turma 142
807 7235 1242 5133 

Turma 143
14967 13187 2891 5891 4520 902 6146 

Turma 144
1315 

Turma 145
17952 13374 7171 14747 17916 7458 795 1331 11526 

Turma 146
13700 9839 13966 12694 15286 

Turma 147
6081 14732 

Turma 148
5295 

Turma 149
14294 9211 17756 

Turma 150
8293 420 

Turma 151
18970 2621 17769 14820 

Turma 152
16294 7868 5685 19209 10699 

Turma 153
3005 4939 954 12500 14955 12409 17227 

Turma 154
511 12368 7770 9272 

Turma 155
14320 4472 6473 

Turma 156
14586 

Turma 157
6114 11401 

Turma 158
15258 17475 13971 7109 6427 12844 17041 

Turma 159
7651 563 7675 17755 12537 15676 15871 

Turma 160
4020 8356 9477 

Turma 161
4551 

Turma 162
7667 19142 7626 8296 4902 16387 2304 2120 410 

Turma 163
1147 19675 16896 13855 12729 

Turma 164
745 8556 

Turma 165
15267 18933 6254 2238 19428 19068 

Turma 166
17432 13626 16541 6339 16485 15622 14176 6682 

Turma 167
8831 7580 1282 17611 10021 11763 558 15363 10431 4355 

Turma 168
9043 17356 19855 13084 

Turma 169
8879 11013 2800 3823 12622 19375 

Turma 170
14378 12668 19858 9043 

Turma 171
10778 3079 

Turma 172
1729 166 17867 11950 6123 1129 7752 17715 2364 18866 5081 17724 

Turma 173
2969 

Turma 174
14411 3432 6149 2480 12229 6770 5904 5258 942 14558 267 11521 10544 

Turma 175
5594 11545 843 5508 5532 7267 3816 162 

Turma 176
1142 10677 10265 5681 912 11527 3780 10767 

Turma 177
6861 5393 

Turma 178
18604 3156 

Turma 179
1131 

Turma 180
11681 1527 5950 15950 11168 381 

Turma 181
13988 10704 

Turma 182
8479 13746 12700 15284 19720 

Turma 183
11006 18517 13143 

Turma 184
14208 2158 

Turma 185
4312 14449 1937 8082 9037 

Turma 186
15480 18357 

Turma 187
13423 9042 6168 

Turma 188
2504 7018 11826 13436 1461 8384 11452 15225 17015 7731 

Turma 189
17142 666 17300 10475 18313 5308 18062 7586 5003 14890 10839 3091 4807 14135 

Turma 190
5487 

Turma 191
10976 19957 14127 

Turma 192
4556 19710 

Turma 193
2636 2392 2228 15691 13169 19509 16220 

Turma 194
1133 16671 

Turma 195
5402 14586 3504 10724 

Turma 196
3504 

Turma 197
8593 11573 12593 14243 12701 

Turma 198
9475 9772 4420 

Turma 199
14811 10057 12933 

Turma 200
9895 19243 

Turma 201
2838 7450 

Turma 202
17728 1532 16033 2213 14505 8666 2311 

Turma 203
9402 5025 6366 

Turma 204
19136 2517 4767 9477 7309 15321 19683 11582 8792 7087 

Turma 205
4935 

Turma 206
9202 19403 3534 6607 13726 9995 16244 5108 17691 

Turma 207
8048 

Turma 208
10308 6472 4077 3376 3054 

Turma 209
9419 13816 10676 2005 17504 18128 

Turma 210
12410 15616 3498 3822 5603 158 13288 

Turma 211
13909 

Turma 212
16571 629 

Turma 213
17520 8376 18822 9618 12267 

Turma 214
15178 

Turma 215
3900 

Turma 216
12601 788 7625 14233 12993 15976 8176 1233 

Turma 217
18968 7202 8118 9980 5985 7109 7418 

Turma 218
552 7818 17999 1780 7572 6161 13562 783 

Turma 219
14914 12420 2780 11780 556 9829 16185 17723 

Turma 220
17671 17993 3986 1340 8402 18951 602 19609 548 

Turma 221
17040 18819 6608 11436 

Turma 222
6960 4644 

Turma 223
9486 

Turma 224
17807 

Turma 225
16617 12747 13116 9446 10733 7953 15721 

Turma 226
2 15319 3555 16904 15273 16291 4816 12814 

Turma 227
19717 6118 6042 11919 

Turma 228
13060 14172 3985 10853 16474 6377 3920 

Turma 229
14806 

Turma 230
5460 12830 

Turma 231
940 8518 5055 4910 12898 13627 

Turma 232
2329 5330 13640 18270 3334 10972 14099 8605 

Turma 233
923 17429 1165 18865 

Turma 234
13658 2131 

Turma 235
115 7544 

Turma 236
11792 16639 13035 11805 2245 7220 

Turma 237
1845 1919 15384 13141 9347 1087 6680 5046 18285 

Turma 238
15202 2075 9263 18313 5065 16793 8266 

Turma 239
17840 13215 16887 

Turma 240
10723 

Turma 241
789 5490 15188 11312 5542 7694 

Turma 242
5691 11588 

Turma 243
13207 11394 2420 10857 3747 8551 

Turma 244
19835 18012 11719 

Turma 245
9137 15654 10694 18465 449 4918 11892 3480 

Turma 246
19068 2183 8351 17964 19269 5003 10678 

Turma 247
9697 17254 3397 4862 10951 17596 3906 7231 14285 

Turma 248
19178 14545 11131 22 10904 2979 15369 

Turma 249
304 7872 10680 17415 

Turma 250
19022 4150 

Turma 251
7923 12384 12206 3996 

Turma 252
2221 12413 6653 5891 

Turma 253
11509 6008 17105 8822 14843 5920 10267 

Turma 254
13466 10546 6206 13921 19633 1750 2217 4382 15873 

Turma 255
567 2098 18709 6997 18443 

Turma 256
3268 3169 15232 

Turma 257
19752 

Turma 258
6270 12121 2059 17828 

Turma 259
9779 11840 17421 

Turma 260
9266 11686 5002 14294 10955 11964 17829 8606 16485 17024 8716 

Turma 261
15694 15953 12442 

Turma 262
18064 7950 9817 18678 16916 4036 3373 4155 

Turma 263
14801 199 12782 10418 6469 14120 17472 

Turma 264
1634 17135 12224 2827 16808 

Turma 265
8292 4253 1035 

Turma 266
4514 1479 

Turma 267
2837 

Turma 268
12778 

Turma 269
13036 

Turma 270
10423 10373 4692 11786 8896 2508 

Turma 271
11775 15362 13304 14593 8662 10032 12320 19905 13497 

Turma 272
8243 4436 2875 7796 

Turma 273
17834 

Turma 274
2974 11439 12379 2085 14289 

Turma 275
5006 5537 7857 

Turma 276
15396 19250 8216 1791 406 8220 

Turma 277
6944 14340 12179 13194 19263 3608 6357 11490 

Turma 278
6101 9278 14731 821 

Turma 279
13851 14469 16205 7904 9267 3083 11567 

Turma 280
14770 4915 9126 15746 8342 4808 12558 16629 

Turma 281
4976 2502 12426 

Turma 282
15616 4251 10997 3959 12401 7947 19790 

Turma 283
3560 3705 14698 2104 2184 7393 13398 3159 8701 12153 5678 

Turma 284
4034 

Turma 285
17903 9659 757 

Turma 286
11201 13084 8488 

Turma 287
16589 2314 6923 3438 11714 2664 9451 7228 3339 

Turma 288
17906 12356 2623 289 15888 

Turma 289
19570 

Turma 290
6903 

Turma 291
17065 

Turma 292
1684 5610 11509 11849 16005 

Turma 293
10354 5347 11983 15893 9053 19042 13408 8570 

Turma 294
10088 17013 12660 16690 18984 11595 19523 8205 

Turma 295
1535 4684 15148 9384 12008 

Turma 296
8257 12262 

Turma 297
959 10997 19961 2719 

Turma 298
4669 19685 9316 14783 12911 18148 16610 17945 

Turma 299
9244 18785 5539 

Turma 300
18273 

Turma 301
13585 18715 18647 

Turma 302
14064 16247 6426 10143 19224 

Turma 303
8065 10355 1963 19054 17125 1688 3176 10895 65 14131 12587 

Turma 304
10795 17571 11326 2120 17900 15576 15284 17867 

Turma 305
7340 3925 16732 16724 971 14725 17753 

Turma 306
4140 11554 

Turma 307
1364 1247 19008 1604 

Turma 308
12581 17345 19400 16638 

Turma 309
15773 13007 9355 950 10500 16399 

Turma 310
5387 14885 15450 13441 8537 

Turma 311
7545 4346 7308 

Turma 312
7930 6691 1792 10052 9275 17527 17017 2217 255 6716 3890 3840 18312 

Turma 313
5887 

Turma 314
15299 18242 

Turma 315
14597 3520 14329 

Turma 316
5225 

Turma 317
2759 875 13343 378 18645 

Turma 318
15421 

Turma 319
6966 6914 

Turma 320
18015 17498 14484 14878 14712 13563 8582 7866 688 7642 

Turma 321
9140 12829 11981 10477 9678 2181 6872 19910 11155 12758 14586 6815 

Turma 322
6837 9003 309 4258 6698 9577 15888 

Turma 323
8404 15530 13934 6978 

Turma 324
4938 3167 1023 9574 9029 14299 8043 

Turma 325
9541 5885 10461 1447 5492 1264 19916 14932 14780 17893 13882 5621 16265 

Turma 326
11191 12659 2344 

Turma 327
15128 

Turma 328
2494 12579 12715 14619 901 7933 

Turma 329
13066 12230 15976 13231 6836 7653 9042 3176 893 1751 5733 

Turma 330
11385 18064 2283 2266 18895 19619 6849 17653 6148 14513 17925 14966 16550 

Turma 331
14655 

Turma 332
18818 11714 12740 3215 18787 11780 8732 18839 4939 6997 14116 

Turma 333
5674 11099 16097 13596 15738 15250 

Turma 334
5020 7600 16554 16480 

Turma 335
12000 

Turma 336
12339 18260 14132 6603 10866 2555 6119 17366 1115 17428 

Turma 337
19508 4921 4729 4212 16563 16559 581 7213 13220 3188 

Turma 338
5322 13197 9567 8333 16248 7529 571 16275 10136 

Turma 339
7023 844 

Turma 340
10147 10787 15048 13174 17292 9085 1892 

Turma 341
14919 1587 14712 17631 11805 18349 19013 19779 5497 13922 

Turma 342
14633 17555 442 13255 8290 12577 8662 12319 1599 2075 

Turma 343
10899 15224 16617 6246 16269 3189 16919 

Turma 344
6275 8512 16901 19195 19527 2985 11969 6659 

Turma 345
19276 12724 18955 14800 

Turma 346
14013 6259 4527 14474 

Turma 347
464 12600 

Turma 348
6996 17803 5039 19590 2081 12351 10987 6438 1917 14819 3594 

Turma 349
11837 11054 18430 13202 2725 2117 

Turma 350
1769 1552 10996 2996 5862 9368 13998 9911 14417 

Turma 351
8345 

Turma 352
17382 7677 3415 17112 18175 7194 

Turma 353
8795 18427 726 14684 16108 17909 4880 

Turma 354
13231 1151 

Turma 355
3612 

Turma 356
2004 2810 17417 17362 

Turma 357
9997 6537 1189 677 19990 16400 19358 

Turma 358
15119 16602 7391 8530 18202 

Turma 359
18028 19375 302 

Turma 360
12227 2180 1023 2183 2017 12761 

Turma 361
1181 5108 

Turma 362
2941 

Turma 363
5006 4450 11138 19725 12810 19079 2386 13643 13012 5005 11078 8366 

Turma 364
950 2969 19157 13003 9376 13399 11881 15964 

Turma 365
8828 11719 5306 16866 17810 18059 8325 4639 1917 6105 7358 6204 1117 11918 

Turma 366
7191 15584 9763 19629 303 18397 

Turma 367
4366 10634 14370 

Turma 368
12282 

Turma 369
15293 1634 1814 

Turma 370
11203 5672 3201 6068 15360 10339 6614 10999 827 11039 

Turma 371
673 

Turma 372
19895 14279 16159 14711 

Turma 373
9495 12592 1790 16295 5065 10690 11026 1656 775 

Turma 374
2735 2319 803 

Turma 375
1896 

Turma 376
5105 3940 9679 8478 6422 17528 15184 

Turma 377
11296 4699 5545 13939 7490 8067 13853 17082 

Turma 378
1435 5081 

Turma 379
578 

Turma 380
5129 3939 17536 8864 

Turma 381
17962 

Turma 382
16950 2614 19180 

Turma 383
2189 

Turma 384
12610 

Turma 385
17762 

Turma 386
13915 14807 17080 

Turma 387
19108 3619 17013 15720 14075 19178 

Turma 388
6416 14970 

Turma 389
13317 3323 15626 7811 850 11352 18115 13425 

Turma 390
12148 7483 14176 

Turma 391
19015 7549 3543 17935 11903 14381 14114 13647 

Turma 392
1279 477 17840 14261 7288 10935 11954 13624 2835 

Turma 393
19786 4028 

Turma 394
1935 16620 13559 12500 2378 

Turma 395
5090 

Turma 396
14930 12492 18446 

Turma 397
15251 

Turma 398
745 

Turma 399
16169 11051 9112 4613 17166 7059 5770 177 12132 9923 8551 

Turma 400
8907 7780 13785 17359 4117 5903 3711 5644 14892 

Turma 401
19764 

Turma 402
17455 3769 4945 4397 2149 225 12066 5424 

Turma 403
2857 

Turma 404
14321 1606 19437 3687 

Turma 405
16099 12567 3804 2215 15524 7264 14301 9628 470 15673 

Turma 406
8955 5413 

Turma 407
10936 2335 6076 7592 

Turma 408
2844 317 2838 

Turma 409
19313 9524 14662 

Turma 410
18377 4394 19028 9666 6856 15753 10987 9551 17178 5008 16464 9175 7451 

Turma 411
18807 18827 

Turma 412
16313 16039 

Turma 413
4988 5071 11210 7144 7428 8604 15008 5827 

Turma 414
15324 

Turma 415
18337 16234 56 6798 

Turma 416
15468 15309 2420 

Turma 417
12778 

Turma 418
7076 1660 

Turma 419
5113 5338 8739 2869 

Turma 420
14977 6990 

Turma 421
11432 14408 7070 3234 5026 13707 

Turma 422
15338 6886 780 2348 2261 

Turma 423
6893 464 

Turma 424
10707 13243 6992 11459 17770 1076 6251 2688 4227 2973 13256 8058 5368 18068 

Turma 425
12345 7044 6614 10874 3103 424 14857 11657 17862 3681 9663 11094 19750 16410 16000 17525 8098 

Turma 426
14672 

Turma 427
12176 7544 16225 16222 1579 17889 14042 4173 4071 14356 19092 

Turma 428
16765 9804 5501 7861 1090 14648 13383 

Turma 429
9651 1218 1674 16438 

Turma 430
16642 10551 2425 14052 15717 

Turma 431
9412 9919 16557 17610 2031 

Turma 432
3029 11900 6307 10009 

Turma 433
8046 5206 8707 19900 809 

Turma 434
16428 911 11928 5519 11638 12906 7671 10042 

Turma 435
11685 18396 19716 9785 16161 3318 4044 18595 

Turma 436
3577 4310 16237 16879 2239 16743 

Turma 437
14135 3554 6002 7124 13151 5503 1292 13707 

Turma 438
10769 

Turma 439
16890 8456 626 328 

Turma 440
16386 

Turma 441
16608 

Turma 442
18611 1142 10886 15407 19267 5667 2190 16969 739 1166 11220 

Turma 443
11942 

Turma 444
19897 9919 17788 11068 

Turma 445
13122 

Turma 446
18229 6310 6808 12941 12976 11721 

Turma 447
10404 8993 343 

Turma 448
15306 

Turma 449
9079 4953 10929 3531 465 7073 14799 

Turma 450
18908 15116 13939 

Turma 451
17352 18069 18602 2767 12511 19939 16275 1745 

Turma 452
17410 5726 14 5171 6041 15809 13440 

Turma 453
8885 8882 19953 1865 

Turma 454
1328 3773 

Turma 455
4346 19841 6075 11934 11503 14690 19487 4337 13558 

Turma 456
16934 11401 5698 15665 6481 15892 

Turma 457
19694 8992 11920 

Turma 458
2663 

Turma 459
3890 640 

Turma 460
17515 16625 4509 5648 12871 9597 1386 

Turma 461
7618 6185 7509 

Turma 462
19150 2441 

Turma 463
10148 9179 19259 14284 3075 

Turma 464
6839 4944 10744 14067 15909 9911 6093 5656 9531 2044 17337 1664 

Turma 465
19959 3800 17244 

Turma 466
140 8991 

Turma 467
18489 2858 8325 

Turma 468
2517 8134 6338 9546 7704 1216 

Turma 469
11890 1554 19546 1830 8918 4386 6757 349 14016 5596 18355 16892 12862 8295 13729 19678 

Turma 470
13635 1716 

Turma 471
4281 9907 2565 

Turma 472
17136 

Turma 473
9111 1101 14358 17417 

Turma 474
18174 6252 11986 6740 15105 19116 

Turma 475
4920 13992 15826 5124 15319 8875 14287 19975 5173 14501 

Turma 476
19010 

Turma 477
4867 19547 6686 18984 8472 19221 3286 1492 10791 10006 

Turma 478
31 3046 6528 13277 8521 

Turma 479
7297 

Turma 480
12637 8925 12830 8940 

Turma 481
3988 

Turma 482
13391 19654 18275 16972 16946 19953 3117 14246 9332 19422 14234 10087 15060 10842 921 

Turma 483
1331 15355 17070 1454 4568 18838 1182 17519 19812 

Turma 484
6952 6667 

Turma 485
11477 5435 4742 16534 11107 

Turma 486
11126 16292 12061 5697 

Turma 487
16913 17428 9276 12576 6398 18556 1344 11649 

Turma 488
5962 8831 18740 6930 19137 11816 

Turma 489
14805 16785 

Turma 490
2353 16877 

Turma 491
8986 6479 17575 18647 17364 19887 13136 18581 17325 13540 

Turma 492
9588 669 3608 

Turma 493
10326 1958 9118 4404 6914 14760 15795 15222 

Turma 494
4042 11945 828 18906 10218 1088 13155 5441 

Turma 495
9674 18319 1242 9737 13525 18505 18330 

Turma 496
4254 19952 4090 3829 8619 

Turma 497
6965 13492 12015 780 9863 17093 

Turma 498
11175 412 

Turma 499
7441 12819 5446 

Turma 500
7688 13697 
