Turma 1
1081 444 

Turma 2
13459 16905 

Turma 3
18490 2740 19040 2039 18993 430 14449 315 

Turma 4
15094 12253 1860 6848 5405 

Turma 5
16081 

Turma 6
6054 

Turma 7
16288 8835 183 10682 18659 224 16202 18485 11642 10456 16087 

Turma 8
10038 

Turma 9
5338 19481 8888 6340 459 9033 

Turma 10
19938 19541 16071 17817 10813 9339 17466 6524 15705 

Turma 11
10424 14885 2144 14554 18544 3961 424 16731 14184 

Turma 12
12783 12896 4253 12575 14112 

Turma 13
13567 

Turma 14
9195 12569 15851 14499 14319 14560 11093 6926 

Turma 15
15906 

Turma 16
10475 

Turma 17
3484 10740 18026 

Turma 18
3100 15385 8615 540 5598 

Turma 19
4373 4215 

Turma 20
5899 17722 7124 2724 

Turma 21
19370 

Turma 22
16381 11533 17761 8090 7650 7907 13871 5719 8297 12471 12130 671 8978 14958 13457 

Turma 23
16313 10436 6478 8513 9479 6637 

Turma 24
3696 12829 16232 

Turma 25
16775 18572 19523 14063 7696 7169 9409 7314 6008 16861 1927 

Turma 26
19269 12163 

Turma 27
10906 15771 17784 14779 8335 8133 10725 1734 8179 

Turma 28
13195 15317 11649 5373 5652 

Turma 29
11179 4932 9394 17733 

Turma 30
19796 15167 18390 16002 10836 16914 18428 8989 8826 499 

Turma 31
13122 

Turma 32
16162 

Turma 33
11704 11081 8491 7001 15071 14028 2019 

Turma 34
3592 7362 15882 15965 19956 

Turma 35
13378 13820 2325 12375 18041 

Turma 36
2835 10159 1965 10566 17875 

Turma 37
13756 

Turma 38
5203 11330 14966 8041 7948 2238 9154 2448 

Turma 39
13135 

Turma 40
4812 7069 

Turma 41
18281 

Turma 42
562 10244 10334 13471 

Turma 43
14362 16386 6461 1952 

Turma 44
14643 10254 16636 8819 3335 16361 771 

Turma 45
4441 15437 16878 19000 12580 16574 11042 19833 

Turma 46
10877 19882 11022 16360 10645 6156 1630 

Turma 47
610 2151 9235 

Turma 48
6116 17151 14471 18342 11560 4808 498 5225 12268 

Turma 49
10045 14991 12254 1984 17507 8373 14057 15783 13446 

Turma 50
8824 11420 

Turma 51
16710 15469 7153 2639 

Turma 52
9878 2353 5432 19720 1235 10544 15608 12276 14372 3294 

Turma 53
16485 1336 16426 19509 8644 5939 1253 14214 19248 4191 

Turma 54
986 3487 19002 17779 3969 

Turma 55
7456 16680 

Turma 56
3802 1875 11724 12057 

Turma 57
17105 9114 8545 11996 17029 1330 18036 10096 4619 852 15219 7221 

Turma 58
3356 12606 

Turma 59
13412 84 

Turma 60
19439 19060 2559 4951 18341 4126 34 6502 

Turma 61
9811 14689 19126 9392 7802 10564 

Turma 62
17176 522 15509 13782 2903 12918 13577 17726 

Turma 63
9002 6011 6881 15874 11363 738 2144 

Turma 64
10849 6565 

Turma 65
17218 2356 3566 16613 16231 11455 1677 

Turma 66
14907 3196 11739 9793 5339 3131 4260 18821 3849 19880 

Turma 67
3064 912 13985 

Turma 68
18570 2031 19457 349 18765 12298 4739 7857 8605 11377 2845 3914 16804 16310 9452 

Turma 69
11389 8177 10648 1107 2643 10063 14701 10749 3306 17321 15197 98 

Turma 70
15711 10982 19525 3808 15709 5231 5919 19903 10203 

Turma 71
7200 16766 16895 377 

Turma 72
14560 6384 17288 19711 

Turma 73
17183 19895 2510 6343 9564 7204 17416 9111 

Turma 74
9667 5588 

Turma 75
6680 10704 

Turma 76
9843 

Turma 77
1452 4326 12816 7913 10052 17463 17824 12852 14443 10625 1773 509 

Turma 78
9980 19255 9313 12908 10140 18983 

Turma 79
469 10806 355 

Turma 80
932 1827 

Turma 81
19101 

Turma 82
8404 8521 12844 10424 

Turma 83
12680 3776 

Turma 84
18889 15543 7678 7813 1652 7517 10357 2214 12799 318 17428 8098 9308 

Turma 85
17678 14566 3688 14428 5966 6450 5038 

Turma 86
12762 3450 10996 11068 9108 4949 

Turma 87
8678 12331 278 1110 3555 7262 13334 7167 7238 4481 

Turma 88
17246 8518 14149 18025 13564 6419 

Turma 89
206 1768 19298 2803 

Turma 90
18846 14529 

Turma 91
2693 17700 12971 6221 5087 1556 493 1957 10129 

Turma 92
18868 19511 15127 

Turma 93
8809 10388 

Turma 94
2146 3497 

Turma 95
15828 

Turma 96
18928 10884 

Turma 97
7774 17284 9260 18334 15215 15179 

Turma 98
10831 14156 16627 

Turma 99
18500 16266 4058 

Turma 100
14806 3666 11171 10830 13366 15911 8571 5797 5721 

Turma 101
3132 9238 11221 1009 18643 511 7796 19136 13914 3014 472 16059 

Turma 102
7689 

Turma 103
6332 8066 18415 18211 3619 7819 8436 14953 2268 

Turma 104
8573 

Turma 105
16890 1400 

Turma 106
411 

Turma 107
16644 12838 1838 13619 7715 10989 2173 

Turma 108
15492 15823 18214 18517 10351 11848 10838 

Turma 109
2106 18199 17813 

Turma 110
11081 11806 4100 19972 18666 12975 3138 12442 

Turma 111
13562 

Turma 112
19282 2941 6586 15496 18396 

Turma 113
3375 15192 8899 

Turma 114
18149 15088 

Turma 115
14858 17195 14362 14163 5397 7781 

Turma 116
4685 6759 11065 1742 4319 16753 14422 7117 12229 10513 11390 6179 

Turma 117
5481 19233 5178 16997 3550 12469 

Turma 118
10726 10465 593 

Turma 119
19813 

Turma 120
12562 16177 515 18715 17828 16392 12704 2755 12113 8970 7734 6588 3399 

Turma 121
18316 6063 935 

Turma 122
9235 16140 6464 9509 3596 14913 7933 545 6976 2169 13785 16977 

Turma 123
12609 4857 

Turma 124
12662 2494 13720 19773 7015 

Turma 125
15964 4435 

Turma 126
10084 16403 3534 

Turma 127
11017 379 

Turma 128
11317 10075 16824 2113 335 7356 13201 

Turma 129
18352 17927 329 16322 4138 

Turma 130
14066 11852 8773 8843 18469 18442 

Turma 131
12422 5155 4516 11315 17708 12337 16989 146 

Turma 132
4297 9948 15382 1531 16746 3323 1170 8758 12181 17540 9318 14822 

Turma 133
4821 10769 10251 936 12257 18933 19749 

Turma 134
15893 11572 18686 11134 15445 14891 2500 1978 15594 18371 521 17349 

Turma 135
5282 

Turma 136
1044 7934 12438 15871 9168 15248 

Turma 137
7355 3391 16486 10760 17619 19249 10753 8630 

Turma 138
412 

Turma 139
466 

Turma 140
11271 12455 3423 19413 10500 

Turma 141
16369 17 9480 2558 12842 15778 

Turma 142
1693 2933 9571 1328 

Turma 143
688 13809 18156 19694 3618 19343 16925 12370 9760 15092 

Turma 144
3864 18394 10352 13191 13758 9004 12093 

Turma 145
9607 8356 12356 

Turma 146
19299 4443 

Turma 147
16573 945 4231 5100 503 

Turma 148
19213 

Turma 149
19072 

Turma 150
7361 1946 10070 6897 3488 

Turma 151
10346 

Turma 152
16536 14952 3096 11911 1512 

Turma 153
12705 

Turma 154
16607 15112 1018 17927 8017 13405 

Turma 155
11750 10030 6911 555 

Turma 156
6057 15681 19499 18391 15027 9176 18721 10607 2672 

Turma 157
3917 12423 15784 894 18487 

Turma 158
13139 8350 13646 9272 11681 19131 17476 5625 

Turma 159
19528 15091 11902 

Turma 160
4248 

Turma 161
8584 11584 7868 10369 10157 9264 17264 19443 

Turma 162
7354 14832 9945 11528 7009 3 

Turma 163
3224 6321 3970 2713 14575 

Turma 164
5452 3732 15235 4434 1510 112 5968 3212 10382 11202 

Turma 165
6480 16957 13463 6643 16337 14201 

Turma 166
13350 5211 18739 17520 6035 19755 16032 10507 4780 

Turma 167
1109 7192 14813 1903 3645 3856 

Turma 168
7760 10956 19801 1329 8072 637 2788 

Turma 169
9608 1127 8035 7608 13510 

Turma 170
389 1953 10968 12205 

Turma 171
10277 18563 3920 11780 15852 5993 15280 1672 

Turma 172
16165 11546 

Turma 173
2602 11570 11539 12761 

Turma 174
8729 4658 17459 1488 

Turma 175
6793 11769 9565 10271 19643 10816 

Turma 176
14047 13473 10641 

Turma 177
18947 13353 7895 1212 17683 

Turma 178
10427 15084 13724 

Turma 179
11729 14998 727 12439 1950 11557 5911 3705 4457 

Turma 180
6687 10507 4690 5441 13755 

Turma 181
18804 

Turma 182
16619 

Turma 183
3500 12285 777 11836 17952 11451 

Turma 184
602 18626 11291 3083 8309 11943 

Turma 185
770 19669 4159 17300 

Turma 186
1835 1200 10605 

Turma 187
13675 19419 504 

Turma 188
1217 9955 18506 3737 11624 4842 18499 6934 

Turma 189
10663 14103 1825 7871 19139 2229 10035 11661 

Turma 190
8651 10680 11988 16026 19946 16324 14265 

Turma 191
7992 8553 15005 10359 15241 

Turma 192
19115 

Turma 193
15970 2884 7569 6578 10811 12977 9985 

Turma 194
1405 5335 7848 12976 5024 6940 16066 

Turma 195
11562 19049 

Turma 196
4907 18928 2214 9484 17795 

Turma 197
1384 10723 4453 7767 16299 

Turma 198
16893 15545 4337 8837 9356 6976 19094 

Turma 199
19890 7242 16873 19610 19425 3616 

Turma 200
7611 2398 2606 18621 

Turma 201
402 19510 

Turma 202
18645 10502 1217 15067 971 

Turma 203
12152 10947 7573 

Turma 204
16557 6613 16071 13467 

Turma 205
1460 7831 1183 4309 13368 

Turma 206
6974 9099 19899 7297 10195 16204 

Turma 207
13016 9590 3661 6527 15438 3764 15340 10883 5211 6988 3288 17210 11301 14046 

Turma 208
11652 6992 6133 15507 10761 12529 9074 7171 12647 12203 

Turma 209
13180 

Turma 210
18460 11611 18706 

Turma 211
5594 15459 5760 12878 12909 1289 

Turma 212
3826 

Turma 213
6010 8180 10943 

Turma 214
8577 262 16365 7780 13637 16856 6290 19804 6185 2137 13875 

Turma 215
10986 

Turma 216
14889 722 

Turma 217
3491 11738 

Turma 218
17506 1232 

Turma 219
16575 10846 14565 9533 7488 3105 14719 14015 

Turma 220
12973 2001 8781 4566 5086 2302 

Turma 221
2082 16427 5435 15455 3835 16817 5300 2448 

Turma 222
15378 9257 12011 13419 18030 3305 5617 16962 1370 9310 

Turma 223
6366 15093 8693 7330 3596 7518 

Turma 224
912 3999 19341 19511 9579 14775 

Turma 225
630 

Turma 226
19519 19899 8530 8695 12501 13666 

Turma 227
12458 206 12963 

Turma 228
4595 

Turma 229
7265 18548 6982 9580 9041 

Turma 230
6856 18121 10136 3325 14822 

Turma 231
2414 5398 9744 14904 

Turma 232
13777 18890 

Turma 233
1405 

Turma 234
14256 3680 17828 

Turma 235
7920 

Turma 236
1663 19382 9657 13241 

Turma 237
10024 

Turma 238
11843 5157 

Turma 239
3514 

Turma 240
3140 18310 3711 7271 19195 14536 1470 4187 3090 

Turma 241
6057 

Turma 242
15540 19878 18464 8721 2514 6470 16064 

Turma 243
16685 16948 16919 18291 4471 19480 2809 14497 12463 13280 8820 7461 

Turma 244
12867 1819 9010 19185 7669 5120 3924 12067 1783 9036 17942 1392 11820 

Turma 245
1838 3070 17542 11936 12914 7489 13276 10886 

Turma 246
6745 1395 13519 3225 

Turma 247
4347 18455 3864 

Turma 248
10524 

Turma 249
9406 

Turma 250
1765 

Turma 251
10944 969 5419 3386 8075 

Turma 252
5798 3105 

Turma 253
1510 

Turma 254
9972 7502 13349 3235 12709 12121 2308 210 14367 16684 9206 14792 

Turma 255
11854 

Turma 256
12588 17796 16229 4210 2481 1341 9834 3393 

Turma 257
13441 6308 16561 8805 8265 2696 11970 17077 

Turma 258
17578 19261 17541 11541 2119 8558 9856 8202 13906 953 12384 13680 

Turma 259
11621 6718 3214 

Turma 260
2636 9678 19156 1637 11237 3405 15850 13849 18091 

Turma 261
1568 8266 

Turma 262
10802 

Turma 263
2215 14209 4808 16981 16589 13167 5351 5945 16159 

Turma 264
496 19769 3032 6302 

Turma 265
2516 19903 7215 8590 11076 

Turma 266
13882 17661 594 13134 2894 12212 18899 9894 15214 7010 

Turma 267
15318 19083 12056 11324 11354 6901 9936 2875 19815 9277 1321 18616 

Turma 268
5595 5386 19968 18152 7900 11148 12801 

Turma 269
1715 635 

Turma 270
12337 14147 10990 4148 

Turma 271
552 11998 12316 3613 17204 12159 11096 2356 

Turma 272
9138 6431 3770 2866 15946 2018 14517 

Turma 273
6823 51 16725 15000 6283 12624 

Turma 274
19170 16355 16017 

Turma 275
2938 

Turma 276
19958 19668 6862 15284 

Turma 277
2450 2059 9641 15346 9604 3752 399 

Turma 278
11527 

Turma 279
17188 15534 19092 

Turma 280
11307 12539 3214 18429 12413 2937 15816 8478 

Turma 281
3033 9094 

Turma 282
10639 7912 2119 16776 9534 

Turma 283
18623 18036 9912 19388 6450 1644 12112 3456 228 3507 7347 11607 3255 9323 

Turma 284
17064 16462 18896 5728 194 10947 

Turma 285
18074 12012 14217 1082 17682 11605 

Turma 286
19630 8913 12156 5036 1947 

Turma 287
14045 15363 12814 9261 11909 17164 

Turma 288
13627 

Turma 289
11660 4570 3226 9771 13301 19419 9731 7310 

Turma 290
12632 9086 

Turma 291
9614 12612 833 19693 14386 

Turma 292
3167 15416 7474 8169 

Turma 293
14394 5568 15932 17384 15619 226 15926 

Turma 294
9719 12103 4268 2768 

Turma 295
13230 2185 

Turma 296
9384 9567 4302 3851 19944 16358 1304 

Turma 297
11415 

Turma 298
7723 6561 15273 8493 1281 16807 

Turma 299
16817 16121 1842 16282 13096 

Turma 300
16914 13280 2427 6986 11469 

Turma 301
2645 1378 3573 1030 9304 3547 15772 

Turma 302
6313 14451 3508 8699 4345 

Turma 303
622 

Turma 304
7117 2879 11580 18368 

Turma 305
8000 19931 1315 13339 13370 19674 1436 13647 1722 2033 

Turma 306
5664 7868 19108 14445 86 9968 

Turma 307
19080 18884 

Turma 308
10938 19609 4528 9595 6950 13271 18646 

Turma 309
1949 914 7291 17586 363 10398 4441 2152 13950 17347 625 17623 

Turma 310
16657 12822 14530 9064 

Turma 311
17703 5274 256 4349 15881 18802 16253 13951 14346 13067 18006 

Turma 312
4936 17624 15203 

Turma 313
1602 19663 14420 

Turma 314
6610 14876 18648 12932 6038 

Turma 315
2815 18089 19204 10977 

Turma 316
2804 7976 14198 

Turma 317
19370 

Turma 318
18782 

Turma 319
6242 5464 413 3851 16971 3917 19557 7053 

Turma 320
3011 17139 12106 19334 11916 6110 4992 11137 15920 12649 10716 6861 14835 

Turma 321
4994 

Turma 322
10674 

Turma 323
19768 10598 6217 3874 5943 4988 1549 6118 1199 

Turma 324
19127 

Turma 325
8444 4808 11589 3243 3110 11714 

Turma 326
17027 16358 17095 9181 

Turma 327
998 8773 13141 11060 9029 18198 740 17673 

Turma 328
6900 6873 11412 3496 15989 7309 19494 5978 7514 16140 774 4855 

Turma 329
12910 7932 10545 14974 

Turma 330
15341 16603 9751 3184 

Turma 331
12843 7176 

Turma 332
5715 18223 1104 3021 14697 7903 

Turma 333
17272 1319 6227 13184 4963 5998 7705 7388 15683 12710 10836 

Turma 334
5481 12758 12372 4030 10497 

Turma 335
18787 19507 14008 16050 

Turma 336
11169 10430 9085 2778 14687 

Turma 337
18242 6655 18388 7697 5348 4641 3859 4722 4712 4557 15254 5773 19299 11609 971 

Turma 338
9297 19953 

Turma 339
10791 

Turma 340
9958 4681 

Turma 341
2539 17504 9475 8898 9403 9358 

Turma 342
17627 9398 13315 

Turma 343
4689 18317 778 2833 6195 11828 

Turma 344
7173 15683 7482 

Turma 345
8485 15137 10520 3432 

Turma 346
14137 4675 4925 13059 

Turma 347
1755 19055 8530 4531 

Turma 348
593 2530 13162 7499 19290 2754 18845 16990 

Turma 349
18154 6065 

Turma 350
9374 189 14548 5011 996 

Turma 351
18870 5154 17136 10711 14947 3585 11263 18563 

Turma 352
9090 15642 

Turma 353
17596 5798 

Turma 354
7033 11920 

Turma 355
7004 6515 8779 11783 367 9336 3349 9267 2321 9155 

Turma 356
16073 15009 

Turma 357
15056 1364 2492 10180 

Turma 358
3924 3377 16058 5664 

Turma 359
15080 4983 18490 9999 11620 5704 6819 

Turma 360
18322 15675 8924 2411 1796 18518 4408 16922 

Turma 361
212 

Turma 362
3849 14733 8476 

Turma 363
6725 

Turma 364
16785 7626 11953 15876 12512 18900 6383 11175 8897 9834 1916 17157 12849 

Turma 365
2287 411 17219 

Turma 366
14912 17424 12 18252 6065 12130 8096 

Turma 367
4001 13881 3535 19568 11892 14393 

Turma 368
27 6068 10866 7304 12299 5657 

Turma 369
13985 200 10656 389 13156 16055 

Turma 370
13097 15924 12549 16258 12425 

Turma 371
3618 2528 731 15101 19367 9659 3508 9738 4069 

Turma 372
10041 5887 

Turma 373
3117 17868 14839 11384 8093 15115 18896 14698 

Turma 374
19282 15898 9176 7033 6251 18403 6108 6198 1895 4626 6555 

Turma 375
18494 

Turma 376
10159 4609 11619 4357 15966 3384 

Turma 377
8383 12705 15416 5706 11405 6831 11996 9827 4808 5766 17274 

Turma 378
6847 

Turma 379
13372 8398 5058 6098 6101 1117 746 18069 18416 

Turma 380
8966 17571 

Turma 381
16165 

Turma 382
5600 18402 17468 19812 1469 76 12694 

Turma 383
19228 

Turma 384
15472 13376 7312 17974 56 12797 5345 10438 19654 

Turma 385
5927 3299 5805 1021 6667 13401 8945 

Turma 386
9429 6766 16515 13635 3571 9083 15106 518 12703 

Turma 387
13305 599 530 

Turma 388
7094 6541 6953 17553 19301 5350 6822 

Turma 389
583 8304 18612 6564 11618 10120 

Turma 390
18639 10311 11126 19600 732 888 1142 

Turma 391
16024 4408 5402 

Turma 392
3265 11683 7440 17046 4490 15305 10754 

Turma 393
1464 333 5270 2086 

Turma 394
5702 8336 12059 11679 19572 12284 5833 2611 11158 

Turma 395
2533 9124 14709 16909 2899 7574 14506 19179 17429 13988 11597 4877 1940 3579 10985 

Turma 396
15565 3817 3999 

Turma 397
18863 15834 4340 18517 18828 12824 19121 

Turma 398
142 4719 15132 11079 17505 16189 

Turma 399
10714 19168 3346 14225 16940 

Turma 400
14332 14399 7523 13030 8765 15858 

Turma 401
4533 11626 9957 3075 183 9045 

Turma 402
18112 15455 4039 9619 17117 

Turma 403
17454 17817 1387 4099 8609 8395 16725 

Turma 404
2563 10334 3204 

Turma 405
16202 2310 

Turma 406
9632 10861 10447 

Turma 407
17220 13266 2470 

Turma 408
4696 

Turma 409
5089 13066 3336 12570 

Turma 410
8304 8075 4378 13861 19460 10015 15572 11762 

Turma 411
13328 18296 10898 6540 2783 2925 6660 5561 19898 6681 15390 13754 10757 11423 

Turma 412
3323 2949 11723 

Turma 413
3034 16227 10130 16837 14882 15524 17636 19451 4723 

Turma 414
13897 5990 5134 7419 

Turma 415
683 14676 10892 3127 6031 10933 18973 

Turma 416
17806 211 18453 5429 15223 

Turma 417
11002 2565 15490 19737 

Turma 418
8660 11541 15045 2229 16076 9471 15997 12364 

Turma 419
10393 12050 

Turma 420
12871 

Turma 421
8270 8708 13485 14899 6025 18088 

Turma 422
10002 11405 451 13962 

Turma 423
13949 8816 15151 

Turma 424
8316 16495 

Turma 425
12734 18876 5624 6162 9329 16376 17820 

Turma 426
5486 

Turma 427
19347 3054 14696 18673 7543 5374 13898 

Turma 428
4521 3632 3794 2086 582 18594 10179 9436 

Turma 429
3594 5384 14059 4321 12853 

Turma 430
17195 

Turma 431
12025 1963 15179 3922 19241 

Turma 432
16479 18628 

Turma 433
18315 3350 9149 5008 8949 10853 

Turma 434
3777 10674 16925 10162 18608 19862 

Turma 435
1011 9919 18862 

Turma 436
13012 

Turma 437
10026 708 4891 608 12481 15102 17438 9517 

Turma 438
6823 19897 19363 12984 2510 18957 12739 17707 4125 12466 12570 

Turma 439
6381 3260 10404 6385 2957 8967 8898 17649 19821 6592 14918 11861 

Turma 440
12793 9572 598 18427 9648 

Turma 441
15119 12743 16255 7583 2260 10040 

Turma 442
9234 12584 6257 

Turma 443
7397 

Turma 444
1796 2495 1502 13921 

Turma 445
2990 5692 19209 17350 19803 8626 11717 

Turma 446
15732 12213 

Turma 447
7712 9808 

Turma 448
1946 17009 10742 16260 5655 16822 12456 

Turma 449
3277 18413 6037 

Turma 450
9414 16471 1071 3101 

Turma 451
18675 10803 4837 8021 5226 3744 

Turma 452
3687 4504 

Turma 453
7148 

Turma 454
17134 6827 

Turma 455
18513 9384 7033 9574 11551 6827 5337 10704 4432 9137 16597 

Turma 456
11533 9349 19360 5760 19895 10624 9343 19009 14942 17796 6648 

Turma 457
17475 9790 10525 2341 3050 5031 7370 19901 10917 3316 8979 17965 

Turma 458
6107 17684 14911 1973 6823 10201 

Turma 459
13166 18226 

Turma 460
3665 8070 643 13059 

Turma 461
18318 1672 8490 9716 354 13848 

Turma 462
11148 14733 1431 11979 

Turma 463
18250 

Turma 464
6759 

Turma 465
3265 

Turma 466
17362 15713 4761 17961 18836 19929 10601 17990 

Turma 467
12365 3781 9834 11104 8515 19786 13618 352 11207 16484 2241 19171 

Turma 468
4370 461 16816 16247 6006 

Turma 469
9891 11706 1476 18547 4705 5609 791 

Turma 470
19907 

Turma 471
2869 

Turma 472
9812 6866 

Turma 473
18382 1479 1223 

Turma 474
14576 14466 

Turma 475
10608 8781 

Turma 476
19494 8293 11794 1735 3028 16092 3796 12539 13566 

Turma 477
2133 

Turma 478
13965 4973 15079 5489 12280 

Turma 479
489 1743 12892 10840 

Turma 480
2814 5366 12987 12720 8943 

Turma 481
5323 4131 2961 

Turma 482
4985 19716 15706 11189 

Turma 483
10519 3582 7384 

Turma 484
6452 1812 13339 2324 14969 5659 7314 

Turma 485
2734 12049 18013 13666 5739 

Turma 486
17476 

Turma 487
1163 16401 1045 13898 17242 7794 13453 5168 12409 3891 18888 

Turma 488
17119 

Turma 489
12041 15637 3562 4375 6128 1498 

Turma 490
18686 2917 13792 15698 19491 12201 

Turma 491
7948 13298 16446 

Turma 492
6667 5732 9518 1147 15294 14143 

Turma 493
7067 15326 12147 4522 13986 4087 1916 14019 17917 18603 17422 16003 12926 

Turma 494
13286 19287 1874 6590 13271 

Turma 495
18035 

Turma 496
8058 18900 14157 8196 

Turma 497
2042 14195 12072 5499 9490 18906 2574 

Turma 498
9204 2258 7502 3745 3673 

Turma 499
14455 17266 12743 19703 2076 

Turma 500
7275 

Turma 501
14687 

Turma 502
5415 19688 3763 

Turma 503
13810 13921 

Turma 504
2470 

Turma 505
19859 518 6540 16663 4407 16704 19357 11911 17092 

Turma 506
16622 6717 12522 17450 7958 11086 19379 5758 9231 19221 

Turma 507
18187 2792 15636 7096 15137 10697 346 

Turma 508
7310 

Turma 509
1750 15461 1026 10158 11671 8418 

Turma 510
3781 17297 1535 1223 13823 38 13921 

Turma 511
8953 10293 

Turma 512
19885 5832 12229 9268 3345 

Turma 513
8603 12400 13266 

Turma 514
13870 1070 12988 16896 8722 19911 8556 13432 6442 

Turma 515
11456 16706 

Turma 516
13225 3346 9006 17253 1479 

Turma 517
16404 12788 2631 

Turma 518
7332 

Turma 519
13606 5957 6638 9891 9480 18765 4535 9259 

Turma 520
17898 6647 5976 16867 13094 4358 11858 14223 5604 19058 9381 11524 

Turma 521
3144 9898 10050 11107 5041 10901 17490 13088 

Turma 522
11028 

Turma 523
16532 

Turma 524
11795 

Turma 525
3779 13544 7253 14677 

Turma 526
15714 3130 10318 

Turma 527
17930 8102 10219 15938 18782 18931 

Turma 528
15363 6060 9728 16210 15927 7864 

Turma 529
12596 

Turma 530
17210 

Turma 531
5661 12999 

Turma 532
8166 15455 400 3874 3174 7597 3429 14387 

Turma 533
1003 13752 6872 5431 15822 

Turma 534
8245 9268 14644 

Turma 535
18115 8407 18772 7483 19743 5354 3876 7047 19885 

Turma 536
10989 1855 5066 7499 19370 5170 4686 

Turma 537
19449 215 143 424 1530 16454 7010 5039 5185 15342 157 318 

Turma 538
7452 

Turma 539
4325 17508 

Turma 540
3965 15627 9667 3488 14421 7158 271 19857 14871 13309 13539 14946 8683 12511 9085 13950 

Turma 541
10667 18796 10263 6582 11742 9304 17192 

Turma 542
14420 2379 8745 

Turma 543
10387 8197 12338 19051 

Turma 544
274 10689 19270 9481 13253 16009 4833 13799 11241 

Turma 545
4557 13222 7244 6217 17315 8302 

Turma 546
19085 18847 18961 17673 18844 

Turma 547
10111 11766 11787 13078 

Turma 548
2988 4889 19771 3900 10524 4211 4043 18005 

Turma 549
1629 

Turma 550
9259 750 9619 8086 12253 1917 

Turma 551
8213 177 18125 7098 15488 9866 

Turma 552
6978 15595 1427 9203 19768 18865 

Turma 553
6494 10684 6170 2906 14482 

Turma 554
10824 5708 17004 

Turma 555
2097 10281 13142 12140 11455 12177 172 9287 

Turma 556
9759 424 9621 

Turma 557
5454 18344 11276 5779 

Turma 558
5145 19729 17883 47 7675 14752 4051 514 15080 

Turma 559
13686 1388 17426 

Turma 560
8689 2248 14680 784 7836 2171 10810 11375 9355 

Turma 561
17765 

Turma 562
963 14157 14884 9376 13548 18318 18016 7268 

Turma 563
2319 9654 11294 

Turma 564
15878 11606 359 4980 19132 5892 18758 11293 

Turma 565
17865 15204 15121 2200 5522 6561 18364 

Turma 566
13869 279 16607 17216 2434 

Turma 567
9384 

Turma 568
18034 

Turma 569
6068 3626 6903 18583 15650 12252 19716 19650 

Turma 570
2478 3604 7445 

Turma 571
18300 218 9586 

Turma 572
10699 

Turma 573
13652 7801 19290 2946 11467 17218 8674 

Turma 574
3234 17726 17359 16153 798 11836 

Turma 575
18526 15149 18817 4753 3451 18043 9649 8032 6982 18033 4030 10585 17717 6151 3237 18170 

Turma 576
190 16229 11371 2720 17277 2922 

Turma 577
746 9153 1956 7200 318 3350 15084 4313 

Turma 578
7577 

Turma 579
13631 15740 5167 6570 4700 10518 9002 

Turma 580
16581 6364 12069 19125 14244 12524 18659 3244 11253 

Turma 581
6268 9298 2321 15072 14718 10254 4398 

Turma 582
19723 5365 16326 7706 17968 17833 1637 

Turma 583
19054 3249 1062 16191 

Turma 584
11657 7087 14655 575 

Turma 585
1338 19979 6146 

Turma 586
4729 262 14399 6175 

Turma 587
2250 17336 18353 8521 19792 

Turma 588
13288 1130 14086 8256 16051 8338 16187 14974 13966 19599 6841 

Turma 589
8155 2998 15419 17517 3098 

Turma 590
2915 12831 7207 18316 9914 16781 19556 

Turma 591
17802 16259 19769 12894 2883 15004 2077 19233 

Turma 592
13316 7972 10637 

Turma 593
5544 7805 2506 

Turma 594
6094 16906 7586 11048 5157 2222 1141 11063 

Turma 595
7466 18208 1901 

Turma 596
12991 14978 19607 

Turma 597
11185 18503 14421 8430 

Turma 598
16689 6978 

Turma 599
5869 10966 293 2962 4549 4146 19112 14948 

Turma 600
18798 2801 8370 9136 1713 10989 

Turma 601
13533 18978 16058 12470 15469 730 7403 8686 

Turma 602
11987 17678 

Turma 603
5369 3967 10544 19359 7735 1384 4293 17407 3377 3888 5222 12945 7523 8475 

Turma 604
2752 8089 

Turma 605
12138 8457 16019 

Turma 606
10812 4738 9364 7014 13849 10166 

Turma 607
955 

Turma 608
4254 14332 9572 

Turma 609
12910 12487 1505 14178 9788 10381 14850 12783 3538 

Turma 610
15062 5256 6152 12668 14607 16285 15127 7168 11096 

Turma 611
6249 19658 8890 3795 11871 4584 19791 14883 5360 11055 1190 19844 9585 5076 1761 14966 

Turma 612
11185 10639 12297 8635 

Turma 613
4341 8531 19138 7638 

Turma 614
11363 6995 10449 

Turma 615
19965 14500 7252 6991 9081 10262 9832 6325 19535 7476 19779 13458 

Turma 616
9477 3725 

Turma 617
19032 4631 19943 5606 16610 13948 16081 

Turma 618
18994 1369 5887 19397 10384 14188 

Turma 619
6404 11663 7815 17842 

Turma 620
8973 16371 12970 

Turma 621
19284 3191 7176 5375 19265 18393 5572 11367 

Turma 622
16783 

Turma 623
19560 7567 15133 14919 15922 7420 

Turma 624
8060 19138 

Turma 625
5100 16827 15275 11164 3427 16131 16653 7233 8918 12399 15801 

Turma 626
9749 11011 3476 14020 19287 6748 2449 5071 

Turma 627
12126 5509 380 11410 12909 15880 17004 

Turma 628
1890 

Turma 629
13182 13004 16416 5850 8017 3559 15519 

Turma 630
5734 5372 11432 18754 10218 3130 17523 

Turma 631
2219 12193 19372 2361 8611 10625 17658 

Turma 632
1315 5185 1629 7822 18591 

Turma 633
19673 6176 17493 7114 

Turma 634
4141 

Turma 635
13592 

Turma 636
334 15504 15110 1817 3346 

Turma 637
2710 

Turma 638
14833 13767 

Turma 639
14336 18298 3946 

Turma 640
14142 2256 2325 12134 6326 

Turma 641
9234 2371 

Turma 642
14563 1268 2659 12370 13894 10097 13362 6036 

Turma 643
17244 12844 18499 

Turma 644
6944 

Turma 645
9085 10214 6830 1968 6409 3967 7813 

Turma 646
7971 18427 14293 

Turma 647
14524 18881 14772 3494 6149 13524 15733 

Turma 648
6368 13707 17170 15495 9076 12534 4719 

Turma 649
17299 15558 

Turma 650
1917 934 

Turma 651
17120 17294 3686 3532 

Turma 652
8555 4646 

Turma 653
19123 14847 

Turma 654
9581 16639 8460 16355 19663 17974 17828 14224 

Turma 655
11411 

Turma 656
3572 

Turma 657
8739 15785 17935 3344 10862 

Turma 658
3164 14635 4297 19237 6940 4251 

Turma 659
13529 2590 9898 4347 11380 

Turma 660
6765 15815 7616 2286 3473 

Turma 661
2438 19165 9558 

Turma 662
9341 1732 19424 13103 16261 15744 

Turma 663
11449 2382 8465 7493 14000 3180 8055 

Turma 664
9452 16940 2963 

Turma 665
18801 

Turma 666
2136 16335 12856 4596 6027 12333 

Turma 667
9476 12453 6436 

Turma 668
17023 3879 

Turma 669
18475 3182 16656 13841 7650 

Turma 670
11711 14208 

Turma 671
16971 

Turma 672
7055 10149 17673 956 14625 5280 1181 16414 

Turma 673
15925 2555 11689 19781 17903 

Turma 674
3678 4297 6130 9149 12140 4506 

Turma 675
7426 3977 

Turma 676
8419 17546 2783 9405 14882 3742 19994 10976 7794 19096 4337 2481 5856 2198 14923 

Turma 677
18501 14813 4966 6731 9333 5600 2303 14989 12479 2611 

Turma 678
11897 

Turma 679
6668 16316 11538 9987 17303 

Turma 680
8506 16057 1368 732 5772 6327 6001 19622 

Turma 681
8151 11280 

Turma 682
5593 16137 12174 6086 13425 4429 5636 217 2238 16437 

Turma 683
8081 3851 

Turma 684
11649 7179 3587 5807 1777 14185 

Turma 685
9714 83 

Turma 686
13706 14066 15777 13570 10414 

Turma 687
6842 

Turma 688
13252 759 17762 19814 6634 18119 14570 2233 

Turma 689
3947 

Turma 690
10497 8507 13500 18548 

Turma 691
7211 4101 15455 

Turma 692
4200 9249 

Turma 693
11279 8055 3260 2460 7978 17727 7080 7490 4293 

Turma 694
9474 

Turma 695
7473 

Turma 696
4668 11523 6051 11807 9035 3811 13216 

Turma 697
17495 357 3998 3942 2900 17726 

Turma 698
17009 

Turma 699
17001 14265 7255 6977 2028 3477 13884 10446 9243 

Turma 700
4753 18915 4289 5069 3489 13486 13612 11382 4419 9595 19513 

Turma 701
12737 9173 10947 12573 3843 10154 9517 16156 

Turma 702
13879 9081 10151 5692 2601 858 6482 19872 4403 

Turma 703
19676 15914 1884 4394 14853 15604 18677 

Turma 704
16438 12199 17385 17005 

Turma 705
11120 16222 

Turma 706
16532 1324 3937 14056 17459 

Turma 707
5451 4182 17952 

Turma 708
10192 11353 

Turma 709
19296 

Turma 710
17562 16971 8900 7590 6167 5915 7257 19120 19573 4273 19826 11839 8346 

Turma 711
8992 15092 7185 3408 2778 77 609 1417 13914 

Turma 712
12387 18600 18114 

Turma 713
10284 5807 8898 17969 12628 

Turma 714
18128 6446 6319 6205 4011 4974 2104 4545 

Turma 715
8641 6158 13610 6297 16231 14193 11954 12117 18117 12383 17547 5968 4947 10238 8493 17271 

Turma 716
6291 10939 4318 4430 14764 

Turma 717
19902 7646 13960 2614 14246 1571 7384 14670 9193 7777 13327 9784 

Turma 718
2087 15465 4819 

Turma 719
717 12602 5106 

Turma 720
11567 3383 10659 

Turma 721
9335 

Turma 722
16445 4551 10254 17248 8574 8738 11789 15606 222 8048 18238 9923 

Turma 723
19719 

Turma 724
11803 

Turma 725
9337 8452 17022 12660 19646 9371 

Turma 726
12901 4449 7017 4139 9766 11586 17136 6123 19994 12731 7482 6522 

Turma 727
13941 8606 

Turma 728
19870 

Turma 729
7762 12401 18241 15195 1377 11280 2447 16546 8717 

Turma 730
2886 1476 13408 19809 9101 1937 5608 14981 13409 

Turma 731
16940 4060 11980 2219 3465 5331 684 2282 

Turma 732
5490 13373 13804 

Turma 733
17570 

Turma 734
8497 11668 6117 10047 3714 4796 17129 

Turma 735
15181 10944 7083 8268 

Turma 736
15039 10438 12341 5301 18902 2770 15454 16755 

Turma 737
6687 8831 7782 

Turma 738
726 2295 5405 6502 5360 13547 5943 14444 9567 19804 

Turma 739
12333 19125 2374 11485 11688 

Turma 740
19211 4477 3416 12325 7390 19837 364 19589 19083 7980 

Turma 741
15811 18653 

Turma 742
10530 19273 2145 

Turma 743
804 8338 3539 14619 

Turma 744
7047 

Turma 745
8293 16055 

Turma 746
7701 2765 15794 

Turma 747
6623 4466 4106 18658 9595 5745 

Turma 748
11567 19461 3260 12788 18841 2672 9835 10844 8708 3250 

Turma 749
11760 13267 8815 12171 11241 5460 17756 11719 

Turma 750
10525 

Turma 751
7874 14729 14786 3332 8731 12616 9580 2005 17637 

Turma 752
1950 18684 16852 7660 10060 14564 8220 4400 

Turma 753
19709 2635 70 8628 17196 15373 966 9499 

Turma 754
9640 14939 17763 

Turma 755
12779 3885 7278 17589 

Turma 756
16856 81 11893 

Turma 757
2672 555 11974 5670 8972 13650 12708 

Turma 758
5099 3317 6601 15929 19582 2260 1903 14715 6230 17365 18592 4240 

Turma 759
2834 8828 19389 16869 17313 12349 1558 9862 

Turma 760
18692 11610 14763 

Turma 761
9620 3345 

Turma 762
4274 3718 

Turma 763
6349 19028 19613 6574 10677 3418 16040 17740 13466 

Turma 764
15165 1565 11303 14040 10967 14483 8047 11143 7403 11997 

Turma 765
15300 10723 6404 

Turma 766
255 19775 11516 7898 17370 

Turma 767
15628 12624 924 

Turma 768
15188 15486 17240 510 

Turma 769
1039 4341 6174 5773 16890 

Turma 770
10583 

Turma 771
8718 17709 13321 4777 

Turma 772
2952 

Turma 773
45 9427 8828 5330 10478 7786 

Turma 774
8633 3461 7758 17976 3896 19561 6446 2858 13187 16207 

Turma 775
8562 7025 155 14756 16024 14443 

Turma 776
14476 2548 

Turma 777
15961 10150 

Turma 778
4228 16648 19072 15284 16098 8907 6499 

Turma 779
17202 11890 

Turma 780
11706 16891 5043 8812 9390 6386 9012 7689 

Turma 781
17801 3646 

Turma 782
14801 19082 7538 11107 

Turma 783
6753 5732 3995 11485 2070 14879 16544 2977 19377 

Turma 784
17914 2867 10621 19862 5918 13896 2005 6605 3919 

Turma 785
8642 2155 4823 3770 4612 4764 19874 16467 6463 8074 1448 9656 

Turma 786
7010 9122 15399 13350 17152 13559 17457 10454 13254 

Turma 787
16544 

Turma 788
19924 65 8925 17452 3865 11537 1818 13176 10762 1222 

Turma 789
1345 8704 6857 19438 4616 

Turma 790
18445 14964 16582 4414 7929 3679 7108 

Turma 791
2437 868 

Turma 792
7290 80 10012 748 17575 

Turma 793
3441 

Turma 794
11420 

Turma 795
7179 17064 1935 3788 

Turma 796
3499 

Turma 797
11104 293 8688 

Turma 798
17110 10140 16475 18301 8441 3704 

Turma 799
5611 

Turma 800
9315 14531 7310 8649 12312 18193 15945 16539 

Turma 801
15025 12330 19387 12065 9097 1542 17203 

Turma 802
14656 4253 2750 4353 13511 

Turma 803
10872 15282 19369 

Turma 804
18518 14181 5813 6566 473 1647 5656 

Turma 805
6626 15522 

Turma 806
11967 10169 5821 

Turma 807
17528 

Turma 808
412 3591 17204 

Turma 809
1329 12146 19165 10070 14747 

Turma 810
15116 4276 2639 1791 16878 15694 5039 15403 18161 3415 

Turma 811
6722 6917 4860 5214 17470 7178 3471 14059 1310 

Turma 812
11516 2039 12987 9490 17405 17943 12334 14933 8933 

Turma 813
1140 

Turma 814
9056 18188 5817 14971 17615 5234 14108 1013 19949 6127 

Turma 815
8935 9557 

Turma 816
136 3763 8242 

Turma 817
2474 12512 19383 15521 12666 8967 7668 1083 

Turma 818
1947 11234 10316 7678 

Turma 819
12020 12609 19619 10206 2329 13692 7208 

Turma 820
19141 10972 10995 13005 3403 18156 8554 

Turma 821
9778 

Turma 822
6724 3974 3672 13693 9599 19455 6800 14962 17741 12606 2793 14187 

Turma 823
13160 8644 15161 10067 989 291 19462 

Turma 824
10520 18851 13187 10997 

Turma 825
12690 19258 19328 3699 6837 

Turma 826
4587 

Turma 827
2744 4352 17844 14060 13579 8210 7799 13868 1899 

Turma 828
2551 2791 4969 8627 9186 18305 

Turma 829
12968 13936 16092 15350 15483 17276 17283 13765 115 18651 

Turma 830
11678 17618 18687 18422 

Turma 831
14151 

Turma 832
13978 6634 1519 

Turma 833
5808 4401 15877 1456 

Turma 834
16494 12219 10375 2370 5665 1876 16995 

Turma 835
4080 

Turma 836
7038 18029 

Turma 837
9147 3303 3137 4929 2004 

Turma 838
18604 11360 7030 13519 12606 3318 

Turma 839
7885 4465 8560 5669 5965 18069 2034 4967 

Turma 840
6982 3447 5792 

Turma 841
10072 5473 10633 

Turma 842
1080 

Turma 843
4669 10790 863 4781 

Turma 844
644 5376 

Turma 845
19995 

Turma 846
5943 12183 18403 19277 2856 

Turma 847
15464 

Turma 848
15321 16945 4971 16867 

Turma 849
7003 4947 13952 12326 

Turma 850
19024 11685 4943 16934 2377 

Turma 851
9888 13903 

Turma 852
9591 7293 2273 17709 

Turma 853
2729 

Turma 854
7530 4029 6316 16150 19419 15921 

Turma 855
16762 9746 16397 16637 2847 14321 14582 9334 

Turma 856
6379 7843 1516 985 10802 2008 7968 1274 

Turma 857
4563 8382 8212 13529 8933 19712 17501 10785 802 6675 7693 5786 

Turma 858
6028 

Turma 859
17407 8929 13159 13002 12492 15069 16174 4048 4980 18963 16578 

Turma 860
19621 14409 

Turma 861
757 12357 14260 

Turma 862
6581 

Turma 863
7382 19277 18647 8248 12812 3712 15238 7739 

Turma 864
2319 8369 1043 

Turma 865
15098 4951 

Turma 866
6856 

Turma 867
8007 14387 3245 

Turma 868
3542 2312 18221 15969 759 14965 7827 17722 

Turma 869
3383 16077 19867 6547 192 13873 

Turma 870
3351 10190 8818 2906 6100 

Turma 871
6962 9089 14396 6337 3609 10126 5938 

Turma 872
10330 3356 4346 5705 17676 13050 

Turma 873
11930 18674 5293 17428 16199 9732 7072 

Turma 874
8914 

Turma 875
19402 6686 18187 17879 

Turma 876
4969 5075 182 6026 16965 18832 15492 3921 15072 11513 

Turma 877
12660 6813 2873 9550 1972 6574 2909 14777 3347 17401 

Turma 878
17925 14371 15176 18286 

Turma 879
3080 

Turma 880
12545 9040 8109 

Turma 881
13264 17416 7844 2126 14936 14760 13711 19998 16751 

Turma 882
3503 5198 

Turma 883
18696 16912 13664 

Turma 884
12951 3709 6514 17126 19918 11995 19142 6919 16036 3270 6832 4403 

Turma 885
124 13791 11743 18820 8575 5078 19699 10987 

Turma 886
19841 17672 438 8287 9055 

Turma 887
3084 12504 5546 13960 98 653 

Turma 888
14194 4576 11367 12775 13730 6034 12484 19618 2627 

Turma 889
14824 6524 17370 18820 

Turma 890
11065 8716 18180 3759 16387 8504 2971 11727 9527 8471 

Turma 891
14685 9920 

Turma 892
3905 

Turma 893
15028 

Turma 894
19422 8687 5447 

Turma 895
4462 15271 10431 2304 6969 5373 2234 17509 12346 5150 

Turma 896
10470 7104 18816 2402 

Turma 897
4284 12994 

Turma 898
1073 

Turma 899
939 8115 14228 12509 11037 3300 15304 10833 10182 15169 14104 

Turma 900
15777 9911 8893 2190 11108 12717 3079 19561 19306 2347 13200 264 4056 

Turma 901
2255 7108 15425 11309 10841 15749 

Turma 902
15302 

Turma 903
13997 14283 11729 1018 6586 16771 11209 12073 443 

Turma 904
16530 5786 18008 

Turma 905
11617 3165 13887 2411 10516 10870 

Turma 906
11517 19450 5647 

Turma 907
3025 

Turma 908
7438 5049 15267 12908 6877 19254 15855 7894 17374 18708 14305 

Turma 909
4287 11575 14332 12690 8365 7256 13705 

Turma 910
8470 14213 13400 9138 

Turma 911
9465 7590 14552 11048 9192 4039 2168 2468 4810 2129 

Turma 912
4244 7314 6692 18382 6604 7862 16239 11975 17856 13899 3474 

Turma 913
8060 

Turma 914
9919 3962 3947 2979 14439 12060 9456 14514 14199 16705 

Turma 915
7750 7576 13462 13136 6905 6378 18184 9881 

Turma 916
19214 15172 12769 7354 15953 4136 12783 18036 14437 

Turma 917
11924 18585 9663 12068 13520 

Turma 918
7725 5036 9006 14887 2480 2836 12891 19681 16649 294 

Turma 919
4469 15020 12719 11047 13685 17109 6334 11266 763 18435 7607 7213 3869 6893 

Turma 920
6288 8724 

Turma 921
11015 9736 16093 1040 1359 19606 4814 

Turma 922
9066 19291 12959 

Turma 923
4266 11746 719 13469 

Turma 924
456 

Turma 925
9605 

Turma 926
11706 19853 10589 6216 16322 3090 14565 8825 16085 432 9888 

Turma 927
15240 17928 2569 1085 6588 3985 2801 

Turma 928
6138 15680 8800 10202 16436 19927 4045 

Turma 929
16240 13798 

Turma 930
12776 

Turma 931
382 

Turma 932
745 344 

Turma 933
2710 14753 9704 

Turma 934
14546 

Turma 935
14713 2811 2886 2617 11354 13419 

Turma 936
1980 3289 9925 8502 

Turma 937
14066 2524 19099 4465 1449 

Turma 938
746 2842 

Turma 939
1317 

Turma 940
15888 17566 

Turma 941
12011 

Turma 942
13912 

Turma 943
3007 

Turma 944
1203 3121 10060 

Turma 945
12518 3343 672 7450 832 5786 6942 

Turma 946
3304 13940 3891 19078 8830 10494 

Turma 947
6519 3047 4243 17760 7976 

Turma 948
18492 12642 5320 1500 17733 

Turma 949
5828 15162 3258 4768 13495 7722 7603 

Turma 950
9545 9889 6771 

Turma 951
13857 6343 12157 

Turma 952
3131 

Turma 953
16103 387 18212 18919 1561 

Turma 954
10939 4261 

Turma 955
4120 

Turma 956
16774 7555 2830 

Turma 957
7615 18387 19718 8705 1289 4724 607 11226 7443 3462 

Turma 958
19792 13584 6885 18540 18640 974 7948 1455 13333 

Turma 959
2594 17863 9439 6754 8406 

Turma 960
8853 17456 10029 12683 

Turma 961
4923 9556 16824 17085 1034 2142 9051 

Turma 962
5316 9837 

Turma 963
18741 16364 10536 3485 

Turma 964
17588 8925 12346 3779 6163 1834 2479 6995 18845 19664 1937 

Turma 965
12963 19466 19800 15687 524 9805 1371 

Turma 966
13479 2959 1556 16725 2223 

Turma 967
15408 9342 

Turma 968
18569 6588 193 3999 

Turma 969
14194 15897 3100 10879 3923 

Turma 970
12223 19285 6551 1168 4135 11284 15479 11580 

Turma 971
8215 10273 8989 9193 

Turma 972
17153 

Turma 973
13511 18394 9864 10723 17320 

Turma 974
18944 7729 12438 5099 14261 4521 12316 

Turma 975
9275 

Turma 976
16044 

Turma 977
17937 12614 11547 7038 

Turma 978
16631 19009 3882 12106 16075 

Turma 979
17216 8179 5241 3298 9027 9355 3031 16195 16148 18126 

Turma 980
15786 2022 16436 839 17770 10560 6948 1551 17963 

Turma 981
10260 12091 13798 

Turma 982
16925 2727 2619 5146 15533 

Turma 983
15167 

Turma 984
9457 15133 9685 15010 3040 15175 

Turma 985
16382 3050 12108 5352 8789 11781 5012 

Turma 986
15576 9454 13330 6235 12279 15738 

Turma 987
7824 8110 8992 

Turma 988
155 14781 19391 

Turma 989
7245 3553 18894 7395 19647 13699 772 14922 12769 

Turma 990
48 14003 18872 13799 11553 14586 10136 13816 4777 9657 

Turma 991
7310 11752 4186 

Turma 992
2391 10385 17798 13665 3868 18718 9764 

Turma 993
13608 9359 19606 4441 6773 8825 

Turma 994
16425 13949 13926 10685 19418 19179 15772 4151 18576 16791 10746 7073 

Turma 995
9616 4077 10001 18565 1937 10831 6366 

Turma 996
6270 9126 18362 12557 16883 7439 16052 997 6541 15238 7134 12690 

Turma 997
7432 1284 

Turma 998
18992 4182 5912 

Turma 999
6922 

Turma 1000
9230 17085 2424 6803 
