joao 81 3
pedro 29 3
paula 22 3
tales 12 1
daiane 30 1
guilherme 25 1
carla 35 2
