Pedro 75 3
Ryan 68 3
AnaLivia 35 3
Luiza 46 3
Laura 54 3
Rafaela 97 2
Heloisa 32 2
Pietro 37 3
Francisco 28 2
Analu 31 1
AnaSophia 50 3
Liz 48 2
Gabrielly 72 2
Aurora 55 1
JoaoMiguel 50 1
Gabriel 16 1
Anthony 69 2
Eduarda 92 1
ArthurHenrique 16 2
Caio 29 1
MariaFernanda 18 1
Sophia 12 1
Luna 46 2
