2617
604
35
2890
822
540
134
845
1089
75
1263
1132
1194
628
2057
1630
12
1221
610
1404
2465
1196
658
419
3694
12
258
1251
2445
1344
1828
568
656
1496
890
706
492
2417
546
2248
2109
791
56
313
194
793
1891
1461
328
3412
238
0
6
1051
289
1495
2098
1610
2029
375
3568
973
333
3171
3
199
3064
23
663
36
503
2810
2381
49
120
1138
1626
1788
944
2255
1946
1900
29
23
661
184
258
2455
759
947
333
3368
295
1593
442
3269
1161
694
342
3022
