1610
4106
781
2178
583
304
1965
302
803
1576
94
803
826
577
870
1235
2249
3106
18
102
3589
1202
2379
522
945
