600
146
2934
1358
2447
2606
915
2678
1819
39
2027
1119
1075
601
1418
1362
1595
2735
1172
963
773
49
3233
1180
89
455
2735
985
884
703
3388
2416
2682
857
185
1029
1147
1956
1004
3480
1514
3125
1651
405
108
3075
623
1278
3251
43
